$ tsc
src/features/admin/tle-programs.controller.ts(4,15): error TS2305: Module '"../../generated/prisma/index.js"' has no exported member 'TLECategory'.
src/features/admin/tle-programs.controller.ts(4,28): error TS2305: Module '"../../generated/prisma/index.js"' has no exported member 'TLETrackType'.
src/features/admin/tle-programs.controller.ts(20,33): error TS2339: Property 'tLEProgram' does not exist on type 'PrismaClient<{ adapter: PrismaPg; }, never, DefaultArgs>'.
src/features/admin/tle-programs.controller.ts(58,33): error TS2339: Property 'tLEProgram' does not exist on type 'PrismaClient<{ adapter: PrismaPg; }, never, DefaultArgs>'.
src/features/admin/tle-programs.controller.ts(68,32): error TS2339: Property 'tLEProgram' does not exist on type 'PrismaClient<{ adapter: PrismaPg; }, never, DefaultArgs>'.
src/features/admin/tle-programs.controller.ts(96,33): error TS2339: Property 'tLEProgram' does not exist on type 'PrismaClient<{ adapter: PrismaPg; }, never, DefaultArgs>'.
src/features/admin/tle-programs.controller.ts(103,39): error TS2339: Property 'tLEProgram' does not exist on type 'PrismaClient<{ adapter: PrismaPg; }, never, DefaultArgs>'.
src/features/admin/tle-programs.controller.ts(127,32): error TS2339: Property 'tLEProgram' does not exist on type 'PrismaClient<{ adapter: PrismaPg; }, never, DefaultArgs>'.
src/features/admin/tle-programs.controller.ts(157,33): error TS2339: Property 'tLEProgram' does not exist on type 'PrismaClient<{ adapter: PrismaPg; }, never, DefaultArgs>'.
src/features/admin/tle-programs.controller.ts(165,7): error TS2353: Object literal may only specify known properties, and 'tleProgramId' does not exist in type 'EnrollmentApplicationWhereInput'.
src/features/admin/tle-programs.controller.ts(184,32): error TS2339: Property 'tLEProgram' does not exist on type 'PrismaClient<{ adapter: PrismaPg; }, never, DefaultArgs>'.
src/features/bosy/bosy.service.ts(709,33): error TS2339: Property 'tLEProgram' does not exist on type 'PrismaClient<{ adapter: PrismaPg; }, never, DefaultArgs>'.
src/features/bosy/bosy.service.ts(716,5): error TS2322: Type '"tleProgramId"[]' is not assignable to type 'EnrollmentApplicationScalarFieldEnum | EnrollmentApplicationScalarFieldEnum[]'.
  Type '"tleProgramId"[]' is not assignable to type 'EnrollmentApplicationScalarFieldEnum[]'.
    Type '"tleProgramId"' is not assignable to type 'EnrollmentApplicationScalarFieldEnum'.
src/features/bosy/bosy.service.ts(720,7): error TS2353: Object literal may only specify known properties, and 'tleProgramId' does not exist in type 'EnrollmentApplicationWhereInput'.
src/features/bosy/bosy.service.ts(728,32): error TS2339: Property 'tleProgramId' does not exist on type 'PickEnumerable<EnrollmentApplicationGroupByOutputType, EnrollmentApplicationScalarFieldEnum | EnrollmentApplicationScalarFieldEnum[]> & { ...; }'.
src/features/bosy/bosy.service.ts(728,46): error TS18048: 'o._count' is possibly 'undefined'.
src/features/bosy/bosy.service.ts(728,55): error TS2339: Property 'id' does not exist on type 'true | { id?: number | undefined; learnerId?: number | undefined; earlyRegistrationId?: number | undefined; schoolYearId?: number | undefined; gradeLevelId?: number | undefined; ... 37 more ...; _all?: number | undefined; }'.
  Property 'id' does not exist on type 'true'.
src/features/bosy/bosy.service.ts(731,24): error TS7006: Parameter 'p' implicitly has an 'any' type.
src/features/dashboard/dashboard.controller.ts(138,36): error TS2353: Object literal may only specify known properties, and 'tleProgramId' does not exist in type 'SectionWhereInput'.
src/features/dashboard/dashboard.controller.ts(154,26): error TS2339: Property '_count' does not exist on type '{ id: number; createdAt: Date; name: string; displayOrder: number; }'.
src/features/dashboard/dashboard.controller.ts(155,25): error TS2339: Property 'sections' does not exist on type '{ id: number; createdAt: Date; name: string; displayOrder: number; }'.
src/features/dashboard/dashboard.controller.ts(155,42): error TS7006: Parameter 'sum' implicitly has an 'any' type.
src/features/dashboard/dashboard.controller.ts(155,47): error TS7006: Parameter 's' implicitly has an 'any' type.
src/features/dashboard/dashboard.controller.ts(167,10): error TS2339: Property 'sections' does not exist on type '{ id: number; createdAt: Date; name: string; displayOrder: number; }'.
src/features/dashboard/dashboard.controller.ts(168,15): error TS7006: Parameter 's' implicitly has an 'any' type.
src/features/dashboard/dashboard.controller.ts(175,18): error TS7006: Parameter 's' implicitly has an 'any' type.
src/features/dashboard/dashboard.controller.ts(176,15): error TS7006: Parameter 's' implicitly has an 'any' type.
src/features/enrollment-listing/enrollment-listing.controller.ts(2,8): error TS2613: Module '"C:/Users/localhost/Documents/EnrollPro/server/src/lib/prisma"' has no default export. Did you mean to use 'import { prisma } from "C:/Users/localhost/Documents/EnrollPro/server/src/lib/prisma"' instead?
src/features/integration/integration.controller.ts(263,9): error TS2353: Object literal may only specify known properties, and 'tleProgram' does not exist in type 'EnrollmentApplicationInclude<DefaultArgs>'.
src/features/integration/integration.controller.ts(284,25): error TS2551: Property 'learner' does not exist on type '{ id: number; trackingNumber: string | null; learnerId: number; earlyRegistrationId: number | null; schoolYearId: number; gradeLevelId: number; applicantType: ApplicantType; ... 34 more ...; temporaryStatusDeadline: Date | null; }'. Did you mean 'learnerId'?
src/features/integration/integration.controller.ts(285,33): error TS2551: Property 'learner' does not exist on type '{ id: number; trackingNumber: string | null; learnerId: number; earlyRegistrationId: number | null; schoolYearId: number; gradeLevelId: number; applicantType: ApplicantType; ... 34 more ...; temporaryStatusDeadline: Date | null; }'. Did you mean 'learnerId'?
src/features/integration/integration.controller.ts(286,26): error TS2551: Property 'learner' does not exist on type '{ id: number; trackingNumber: string | null; learnerId: number; earlyRegistrationId: number | null; schoolYearId: number; gradeLevelId: number; applicantType: ApplicantType; ... 34 more ...; temporaryStatusDeadline: Date | null; }'. Did you mean 'learnerId'?
src/features/integration/integration.controller.ts(287,32): error TS2551: Property 'learner' does not exist on type '{ id: number; trackingNumber: string | null; learnerId: number; earlyRegistrationId: number | null; schoolYearId: number; gradeLevelId: number; applicantType: ApplicantType; ... 34 more ...; temporaryStatusDeadline: Date | null; }'. Did you mean 'learnerId'?
src/features/integration/integration.controller.ts(288,31): error TS2551: Property 'learner' does not exist on type '{ id: number; trackingNumber: string | null; learnerId: number; earlyRegistrationId: number | null; schoolYearId: number; gradeLevelId: number; applicantType: ApplicantType; ... 34 more ...; temporaryStatusDeadline: Date | null; }'. Did you mean 'learnerId'?
src/features/integration/integration.controller.ts(289,33): error TS2551: Property 'learner' does not exist on type '{ id: number; trackingNumber: string | null; learnerId: number; earlyRegistrationId: number | null; schoolYearId: number; gradeLevelId: number; applicantType: ApplicantType; ... 34 more ...; temporaryStatusDeadline: Date | null; }'. Did you mean 'learnerId'?
src/features/integration/integration.controller.ts(290,36): error TS2551: Property 'learner' does not exist on type '{ id: number; trackingNumber: string | null; learnerId: number; earlyRegistrationId: number | null; schoolYearId: number; gradeLevelId: number; applicantType: ApplicantType; ... 34 more ...; temporaryStatusDeadline: Date | null; }'. Did you mean 'learnerId'?
src/features/integration/integration.controller.ts(291,32): error TS2551: Property 'learner' does not exist on type '{ id: number; trackingNumber: string | null; learnerId: number; earlyRegistrationId: number | null; schoolYearId: number; gradeLevelId: number; applicantType: ApplicantType; ... 34 more ...; temporaryStatusDeadline: Date | null; }'. Did you mean 'learnerId'?
src/features/integration/integration.controller.ts(292,26): error TS2551: Property 'learner' does not exist on type '{ id: number; trackingNumber: string | null; learnerId: number; earlyRegistrationId: number | null; schoolYearId: number; gradeLevelId: number; applicantType: ApplicantType; ... 34 more ...; temporaryStatusDeadline: Date | null; }'. Did you mean 'learnerId'?
src/features/integration/integration.controller.ts(293,29): error TS2551: Property 'learner' does not exist on type '{ id: number; trackingNumber: string | null; learnerId: number; earlyRegistrationId: number | null; schoolYearId: number; gradeLevelId: number; applicantType: ApplicantType; ... 34 more ...; temporaryStatusDeadline: Date | null; }'. Did you mean 'learnerId'?
src/features/integration/integration.controller.ts(294,43): error TS2551: Property 'learner' does not exist on type '{ id: number; trackingNumber: string | null; learnerId: number; earlyRegistrationId: number | null; schoolYearId: number; gradeLevelId: number; applicantType: ApplicantType; ... 34 more ...; temporaryStatusDeadline: Date | null; }'. Did you mean 'learnerId'?
src/features/integration/integration.controller.ts(295,36): error TS2551: Property 'learner' does not exist on type '{ id: number; trackingNumber: string | null; learnerId: number; earlyRegistrationId: number | null; schoolYearId: number; gradeLevelId: number; applicantType: ApplicantType; ... 34 more ...; temporaryStatusDeadline: Date | null; }'. Did you mean 'learnerId'?
src/features/integration/integration.controller.ts(296,36): error TS2551: Property 'learner' does not exist on type '{ id: number; trackingNumber: string | null; learnerId: number; earlyRegistrationId: number | null; schoolYearId: number; gradeLevelId: number; applicantType: ApplicantType; ... 34 more ...; temporaryStatusDeadline: Date | null; }'. Did you mean 'learnerId'?
src/features/integration/integration.controller.ts(298,40): error TS2551: Property 'learner' does not exist on type '{ id: number; trackingNumber: string | null; learnerId: number; earlyRegistrationId: number | null; schoolYearId: number; gradeLevelId: number; applicantType: ApplicantType; ... 34 more ...; temporaryStatusDeadline: Date | null; }'. Did you mean 'learnerId'?
src/features/integration/integration.controller.ts(299,37): error TS2551: Property 'learner' does not exist on type '{ id: number; trackingNumber: string | null; learnerId: number; earlyRegistrationId: number | null; schoolYearId: number; gradeLevelId: number; applicantType: ApplicantType; ... 34 more ...; temporaryStatusDeadline: Date | null; }'. Did you mean 'learnerId'?
src/features/integration/integration.controller.ts(300,47): error TS2551: Property 'learner' does not exist on type '{ id: number; trackingNumber: string | null; learnerId: number; earlyRegistrationId: number | null; schoolYearId: number; gradeLevelId: number; applicantType: ApplicantType; ... 34 more ...; temporaryStatusDeadline: Date | null; }'. Did you mean 'learnerId'?
src/features/integration/integration.controller.ts(304,31): error TS2551: Property 'schoolYear' does not exist on type '{ id: number; trackingNumber: string | null; learnerId: number; earlyRegistrationId: number | null; schoolYearId: number; gradeLevelId: number; applicantType: ApplicantType; ... 34 more ...; temporaryStatusDeadline: Date | null; }'. Did you mean 'schoolYearId'?
src/features/integration/integration.controller.ts(305,31): error TS2551: Property 'gradeLevel' does not exist on type '{ id: number; trackingNumber: string | null; learnerId: number; earlyRegistrationId: number | null; schoolYearId: number; gradeLevelId: number; applicantType: ApplicantType; ... 34 more ...; temporaryStatusDeadline: Date | null; }'. Did you mean 'gradeLevelId'?
src/features/integration/integration.controller.ts(306,28): error TS2339: Property 'enrollmentRecord' does not exist on type '{ id: number; trackingNumber: string | null; learnerId: number; earlyRegistrationId: number | null; schoolYearId: number; gradeLevelId: number; applicantType: ApplicantType; ... 34 more ...; temporaryStatusDeadline: Date | null; }'.
src/features/integration/integration.controller.ts(307,31): error TS2339: Property 'enrollmentRecord' does not exist on type '{ id: number; trackingNumber: string | null; learnerId: number; earlyRegistrationId: number | null; schoolYearId: number; gradeLevelId: number; applicantType: ApplicantType; ... 34 more ...; temporaryStatusDeadline: Date | null; }'.
src/features/integration/integration.controller.ts(308,33): error TS2339: Property 'tleProgram' does not exist on type '{ id: number; trackingNumber: string | null; learnerId: number; earlyRegistrationId: number | null; schoolYearId: number; gradeLevelId: number; applicantType: ApplicantType; ... 34 more ...; temporaryStatusDeadline: Date | null; }'.
src/features/integration/integration.controller.ts(309,38): error TS2339: Property 'tleProgram' does not exist on type '{ id: number; trackingNumber: string | null; learnerId: number; earlyRegistrationId: number | null; schoolYearId: number; gradeLevelId: number; applicantType: ApplicantType; ... 34 more ...; temporaryStatusDeadline: Date | null; }'.
src/features/integration/integration.controller.ts(310,39): error TS2339: Property 'tleProgram' does not exist on type '{ id: number; trackingNumber: string | null; learnerId: number; earlyRegistrationId: number | null; schoolYearId: number; gradeLevelId: number; applicantType: ApplicantType; ... 34 more ...; temporaryStatusDeadline: Date | null; }'.
src/features/integration/integration.controller.ts(527,9): error TS2353: Object literal may only specify known properties, and 'tleProgram' does not exist in type 'SectionInclude<DefaultArgs>'.
src/features/integration/integration.controller.ts(543,37): error TS2339: Property 'advisers' does not exist on type '{ id: number; schoolYearId: number; gradeLevelId: number; createdAt: Date; updatedAt: Date; name: string; isEosyFinalized: boolean; maxCapacity: number; programType: ApplicantType; ... 4 more ...; sectionRank: number | null; }'.
src/features/integration/integration.controller.ts(549,32): error TS2339: Property '_count' does not exist on type '{ id: number; schoolYearId: number; gradeLevelId: number; createdAt: Date; updatedAt: Date; name: string; isEosyFinalized: boolean; maxCapacity: number; programType: ApplicantType; ... 4 more ...; sectionRank: number | null; }'.
src/features/integration/integration.controller.ts(552,41): error TS2339: Property '_count' does not exist on type '{ id: number; schoolYearId: number; gradeLevelId: number; createdAt: Date; updatedAt: Date; name: string; isEosyFinalized: boolean; maxCapacity: number; programType: ApplicantType; ... 4 more ...; sectionRank: number | null; }'.
src/features/integration/integration.controller.ts(554,29): error TS2551: Property 'gradeLevel' does not exist on type '{ id: number; schoolYearId: number; gradeLevelId: number; createdAt: Date; updatedAt: Date; name: string; isEosyFinalized: boolean; maxCapacity: number; programType: ApplicantType; ... 4 more ...; sectionRank: number | null; }'. Did you mean 'gradeLevelId'?
src/features/integration/integration.controller.ts(563,31): error TS2339: Property 'tleProgram' does not exist on type '{ id: number; schoolYearId: number; gradeLevelId: number; createdAt: Date; updatedAt: Date; name: string; isEosyFinalized: boolean; maxCapacity: number; programType: ApplicantType; ... 4 more ...; sectionRank: number | null; }'.
src/features/integration/integration.controller.ts(564,36): error TS2339: Property 'tleProgram' does not exist on type '{ id: number; schoolYearId: number; gradeLevelId: number; createdAt: Date; updatedAt: Date; name: string; isEosyFinalized: boolean; maxCapacity: number; programType: ApplicantType; ... 4 more ...; sectionRank: number | null; }'.
src/features/integration/integration.controller.ts(565,37): error TS2339: Property 'tleProgram' does not exist on type '{ id: number; schoolYearId: number; gradeLevelId: number; createdAt: Date; updatedAt: Date; name: string; isEosyFinalized: boolean; maxCapacity: number; programType: ApplicantType; ... 4 more ...; sectionRank: number | null; }'.
src/features/learner/learner.controller.ts(444,17): error TS2353: Object literal may only specify known properties, and 'tleProgram' does not exist in type 'EnrollmentRecordInclude<DefaultArgs>'.
src/features/learner/learner.controller.ts(468,33): error TS2339: Property 'enrollmentApplications' does not exist on type '{ id: number; status: LearnerStatus; createdAt: Date; updatedAt: Date; lrn: string | null; userId: number | null; firstName: string; lastName: string; middleName: string | null; ... 27 more ...; hasPsaBirthCertificate: boolean; }'.
src/features/learner/learner.controller.ts(469,41): error TS2339: Property 'enrollmentApplications' does not exist on type '{ id: number; status: LearnerStatus; createdAt: Date; updatedAt: Date; lrn: string | null; userId: number | null; firstName: string; lastName: string; middleName: string | null; ... 27 more ...; hasPsaBirthCertificate: boolean; }'.
src/features/students/students.service.ts(221,17): error TS2353: Object literal may only specify known properties, and 'tleProgram' does not exist in type 'EnrollmentRecordInclude<DefaultArgs>'.
src/features/students/students.service.ts(236,27): error TS2339: Property 'enrollmentApplications' does not exist on type '{ id: number; status: LearnerStatus; createdAt: Date; updatedAt: Date; lrn: string | null; userId: number | null; firstName: string; lastName: string; middleName: string | null; ... 27 more ...; hasPsaBirthCertificate: boolean; }'.
src/features/students/students.service.ts(321,11): error TS2353: Object literal may only specify known properties, and 'tleProgram' does not exist in type 'EnrollmentRecordInclude<DefaultArgs>'.
C:\Users\localhost\Documents\EnrollPro\server:
[ERR_PNPM_RECURSIVE_RUN_FIRST_FAIL] server@1.0.0 build: `tsc`
Exit status 2
